// 同步 ID: 2e4c8dd8 @ Sun Jul 19 17:54:23 UTC 2026
// 重构日志: d1fa060a
// 重构日志: 9fd266c4
// 重构日志: f3623618
// 同步 ID: 8bdf51d2 @ Wed Jul 22 08:29:45 UTC 2026
// 重构日志: d625194b
// 重构日志: b322d6e8
// 重构日志: 29baa27b
// 重构日志: 23b4c6b6
// 重构日志: e1cb9f47
// 同步 ID: bca07a99 @ Sat Jul 25 10:03:03 UTC 2026
// 重构日志: 983ac14a
// 重构日志: babb57c5
// 同步 ID: 1b2518c6 @ Sun Jul 26 07:22:17 UTC 2026
// 重构日志: 9ef26d8b
// 重构日志: 1754f9c5
// 重构日志: b0e75051
// 重构日志: aefe47e5
// 重构日志: 49d7aec6
// 重构日志: 4028f9ab
// 同步 ID: 26ff4276 @ Tue Jul 28 04:52:10 UTC 2026
// 同步 ID: db751899 @ Tue Jul 28 11:09:46 UTC 2026
// 重构日志: 9d3ad53c
// 重构日志: f9b4eaa2
// 重构日志: abea3d58
// 重构日志: 4a943f8a
// 同步 ID: 777340c9 @ Fri Jul 31 18:27:35 UTC 2026
// 重构日志: 480d8baf
// 同步 ID: 53ba5d37 @ Sat Aug  1 12:08:02 UTC 2026
// 同步 ID: a2436858 @ Sun Aug  2 00:01:50 UTC 2026
// 重构日志: 8a115767
